[busterhtml.mbkip3ms9u-e92498n216kr.p.temp-site.link/index.html]
[backblue.gif]
[fade.gif]
[index.html]
[busterhtml.mbkip3ms9u-e92498n216kr.p.temp-site.link/images/logo1.png]
[busterhtml.mbkip3ms9u-e92498n216kr.p.temp-site.link/css/style.css]
[busterhtml.mbkip3ms9u-e92498n216kr.p.temp-site.link/css/plugins.css]
[busterhtml.mbkip3ms9u-e92498n216kr.p.temp-site.link/index-2.html]
[busterhtml.mbkip3ms9u-e92498n216kr.p.temp-site.link/homev2.html]
[busterhtml.mbkip3ms9u-e92498n216kr.p.temp-site.link/homev3.html]
[busterhtml.mbkip3ms9u-e92498n216kr.p.temp-site.link/moviegrid.html]
[busterhtml.mbkip3ms9u-e92498n216kr.p.temp-site.link/moviegridfw.html]
[busterhtml.mbkip3ms9u-e92498n216kr.p.temp-site.link/movielist.html]
[busterhtml.mbkip3ms9u-e92498n216kr.p.temp-site.link/moviesingle.html]
[busterhtml.mbkip3ms9u-e92498n216kr.p.temp-site.link/seriessingle.html]
[busterhtml.mbkip3ms9u-e92498n216kr.p.temp-site.link/celebritygrid01.html]
[busterhtml.mbkip3ms9u-e92498n216kr.p.temp-site.link/celebritygrid02.html]
[busterhtml.mbkip3ms9u-e92498n216kr.p.temp-site.link/celebritylist.html]
[busterhtml.mbkip3ms9u-e92498n216kr.p.temp-site.link/celebritysingle.html]
[busterhtml.mbkip3ms9u-e92498n216kr.p.temp-site.link/bloglist.html]
[busterhtml.mbkip3ms9u-e92498n216kr.p.temp-site.link/bloggrid.html]
[busterhtml.mbkip3ms9u-e92498n216kr.p.temp-site.link/blogdetail.html]
[busterhtml.mbkip3ms9u-e92498n216kr.p.temp-site.link/userfavoritegrid.html]
[busterhtml.mbkip3ms9u-e92498n216kr.p.temp-site.link/userfavoritelist.html]
[busterhtml.mbkip3ms9u-e92498n216kr.p.temp-site.link/userprofile.html]
[busterhtml.mbkip3ms9u-e92498n216kr.p.temp-site.link/userrate.html]
[busterhtml.mbkip3ms9u-e92498n216kr.p.temp-site.link/landing.html]
[busterhtml.mbkip3ms9u-e92498n216kr.p.temp-site.link/404.html]
[busterhtml.mbkip3ms9u-e92498n216kr.p.temp-site.link/comingsoon.html]
[busterhtml.mbkip3ms9u-e92498n216kr.p.temp-site.link/images/uploads/slider1.jpg]
[busterhtml.mbkip3ms9u-e92498n216kr.p.temp-site.link/images/uploads/slider2.jpg]
[busterhtml.mbkip3ms9u-e92498n216kr.p.temp-site.link/images/uploads/slider3.jpg]
[busterhtml.mbkip3ms9u-e92498n216kr.p.temp-site.link/images/uploads/slider4.jpg]
[busterhtml.mbkip3ms9u-e92498n216kr.p.temp-site.link/images/uploads/mv-item1.jpg]
[busterhtml.mbkip3ms9u-e92498n216kr.p.temp-site.link/images/uploads/mv-item2.jpg]
[busterhtml.mbkip3ms9u-e92498n216kr.p.temp-site.link/images/uploads/mv-item3.jpg]
[busterhtml.mbkip3ms9u-e92498n216kr.p.temp-site.link/images/uploads/mv-item4.jpg]
[busterhtml.mbkip3ms9u-e92498n216kr.p.temp-site.link/images/uploads/mv-item5.jpg]
[busterhtml.mbkip3ms9u-e92498n216kr.p.temp-site.link/images/uploads/mv-item6.jpg]
[busterhtml.mbkip3ms9u-e92498n216kr.p.temp-site.link/images/uploads/mv-item7.jpg]
[busterhtml.mbkip3ms9u-e92498n216kr.p.temp-site.link/images/uploads/mv-item8.jpg]
[busterhtml.mbkip3ms9u-e92498n216kr.p.temp-site.link/images/uploads/ads1.png]
[busterhtml.mbkip3ms9u-e92498n216kr.p.temp-site.link/images/uploads/ava1.jpg]
[busterhtml.mbkip3ms9u-e92498n216kr.p.temp-site.link/images/uploads/ava2.jpg]
[busterhtml.mbkip3ms9u-e92498n216kr.p.temp-site.link/images/uploads/ava3.jpg]
[busterhtml.mbkip3ms9u-e92498n216kr.p.temp-site.link/images/uploads/ava4.jpg]
[busterhtml.mbkip3ms9u-e92498n216kr.p.temp-site.link/images/uploads/trailer7.jpg]
[busterhtml.mbkip3ms9u-e92498n216kr.p.temp-site.link/images/uploads/trailer2.jpg]
[busterhtml.mbkip3ms9u-e92498n216kr.p.temp-site.link/images/uploads/trailer6.jpg]
[busterhtml.mbkip3ms9u-e92498n216kr.p.temp-site.link/images/uploads/trailer3.png]
[busterhtml.mbkip3ms9u-e92498n216kr.p.temp-site.link/images/uploads/trailer4.png]
[busterhtml.mbkip3ms9u-e92498n216kr.p.temp-site.link/images/uploads/trailer5.jpg]
[busterhtml.mbkip3ms9u-e92498n216kr.p.temp-site.link/images/uploads/ads2.png]
[busterhtml.mbkip3ms9u-e92498n216kr.p.temp-site.link/images/uploads/blog-it1.jpg]
[busterhtml.mbkip3ms9u-e92498n216kr.p.temp-site.link/images/uploads/blog-it2.jpg]
[busterhtml.mbkip3ms9u-e92498n216kr.p.temp-site.link/js/jquery.js]
[busterhtml.mbkip3ms9u-e92498n216kr.p.temp-site.link/index.html]
[busterhtml.mbkip3ms9u-e92498n216kr.p.temp-site.link/js/custom.js]
[busterhtml.mbkip3ms9u-e92498n216kr.p.temp-site.link/js/plugins2.js]
[busterhtml.mbkip3ms9u-e92498n216kr.p.temp-site.link/fonts/fontawesome-webfont93e3.woff2]
[busterhtml.mbkip3ms9u-e92498n216kr.p.temp-site.link/js/plugins.js]
[busterhtml.mbkip3ms9u-e92498n216kr.p.temp-site.link/fonts/fontawesome-webfont93e3.woff]
[busterhtml.mbkip3ms9u-e92498n216kr.p.temp-site.link/fonts/fontawesome-webfont93e3.eot]
[busterhtml.mbkip3ms9u-e92498n216kr.p.temp-site.link/fonts/fontawesome-webfont93e3.ttf]
[busterhtml.mbkip3ms9u-e92498n216kr.p.temp-site.link/fonts/fontawesome-webfontd41d.eot]
[busterhtml.mbkip3ms9u-e92498n216kr.p.temp-site.link/images/fancybox_sprite.png]
[busterhtml.mbkip3ms9u-e92498n216kr.p.temp-site.link/images/fancybox_loading.gif]
[busterhtml.mbkip3ms9u-e92498n216kr.p.temp-site.link/fonts/fontawesome-webfont93e3.svg]
[busterhtml.mbkip3ms9u-e92498n216kr.p.temp-site.link/images/fancybox_overlay.png]
[busterhtml.mbkip3ms9u-e92498n216kr.p.temp-site.link/images/fancybox_sprite@2x.png]
[busterhtml.mbkip3ms9u-e92498n216kr.p.temp-site.link/images/fancybox_loading@2x.gif]
[busterhtml.mbkip3ms9u-e92498n216kr.p.temp-site.link/images/nivo/loading.gif]
[busterhtml.mbkip3ms9u-e92498n216kr.p.temp-site.link/images/nivo/prev.png]
[busterhtml.mbkip3ms9u-e92498n216kr.p.temp-site.link/images/nivo/next.png]
[busterhtml.mbkip3ms9u-e92498n216kr.p.temp-site.link/images/nivo/close.png]
[busterhtml.mbkip3ms9u-e92498n216kr.p.temp-site.link/images/nivo/loading@2x.gif]
[busterhtml.mbkip3ms9u-e92498n216kr.p.temp-site.link/images/nivo/prev@2x.png]
[busterhtml.mbkip3ms9u-e92498n216kr.p.temp-site.link/images/nivo/next@2x.png]
[busterhtml.mbkip3ms9u-e92498n216kr.p.temp-site.link/images/nivo/close@2x.png]
[busterhtml.mbkip3ms9u-e92498n216kr.p.temp-site.link/css/plugins.css]
[busterhtml.mbkip3ms9u-e92498n216kr.p.temp-site.link/images/uploads/drop-icon.png]
[busterhtml.mbkip3ms9u-e92498n216kr.p.temp-site.link/images/uploads/search-bgsb.png]
[busterhtml.mbkip3ms9u-e92498n216kr.p.temp-site.link/images/uploads/hero-bg.jpg]
[busterhtml.mbkip3ms9u-e92498n216kr.p.temp-site.link/images/uploads/sr-single.jpg]
[busterhtml.mbkip3ms9u-e92498n216kr.p.temp-site.link/images/uploads/celeb-hero-single.jpg]
[busterhtml.mbkip3ms9u-e92498n216kr.p.temp-site.link/images/uploads/user-hero-bg.jpg]
[busterhtml.mbkip3ms9u-e92498n216kr.p.temp-site.link/images/uploads/error-bg.jpg]
[busterhtml.mbkip3ms9u-e92498n216kr.p.temp-site.link/images/uploads/slider-bg.jpg]
[busterhtml.mbkip3ms9u-e92498n216kr.p.temp-site.link/images/uploads/slider-bg2.jpg]
[busterhtml.mbkip3ms9u-e92498n216kr.p.temp-site.link/images/uploads/topsearch.png]
[busterhtml.mbkip3ms9u-e92498n216kr.p.temp-site.link/images/uploads/ft-bg.jpg]
[busterhtml.mbkip3ms9u-e92498n216kr.p.temp-site.link/images/uploads/search-bg.png]
[busterhtml.mbkip3ms9u-e92498n216kr.p.temp-site.link/css/style.css]
[busterhtml.mbkip3ms9u-e92498n216kr.p.temp-site.link/index-2.html]
[busterhtml.mbkip3ms9u-e92498n216kr.p.temp-site.link/images/uploads/poster1.jpg]
[busterhtml.mbkip3ms9u-e92498n216kr.p.temp-site.link/images/uploads/mv-it1.jpg]
[busterhtml.mbkip3ms9u-e92498n216kr.p.temp-site.link/images/uploads/mv-it2.jpg]
[busterhtml.mbkip3ms9u-e92498n216kr.p.temp-site.link/images/uploads/mv-it3.jpg]
[busterhtml.mbkip3ms9u-e92498n216kr.p.temp-site.link/images/uploads/mv-it4.jpg]
[busterhtml.mbkip3ms9u-e92498n216kr.p.temp-site.link/images/uploads/mv-it5.jpg]
[busterhtml.mbkip3ms9u-e92498n216kr.p.temp-site.link/images/uploads/mv-it6.jpg]
[busterhtml.mbkip3ms9u-e92498n216kr.p.temp-site.link/images/uploads/mv-it7.jpg]
[busterhtml.mbkip3ms9u-e92498n216kr.p.temp-site.link/images/uploads/mv-it8.jpg]
[busterhtml.mbkip3ms9u-e92498n216kr.p.temp-site.link/images/uploads/mv-it9.jpg]
[busterhtml.mbkip3ms9u-e92498n216kr.p.temp-site.link/images/uploads/blogv21.jpg]
[busterhtml.mbkip3ms9u-e92498n216kr.p.temp-site.link/images/uploads/blogv22.jpg]
[busterhtml.mbkip3ms9u-e92498n216kr.p.temp-site.link/images/uploads/blogv23.jpg]
[busterhtml.mbkip3ms9u-e92498n216kr.p.temp-site.link/images/uploads/blogv24.jpg]
[busterhtml.mbkip3ms9u-e92498n216kr.p.temp-site.link/homev2.html]
[busterhtml.mbkip3ms9u-e92498n216kr.p.temp-site.link/homev3.html]
[busterhtml.mbkip3ms9u-e92498n216kr.p.temp-site.link/images/uploads/mv1.jpg]
[busterhtml.mbkip3ms9u-e92498n216kr.p.temp-site.link/images/uploads/mv2.jpg]
[busterhtml.mbkip3ms9u-e92498n216kr.p.temp-site.link/images/uploads/mv3.jpg]
[busterhtml.mbkip3ms9u-e92498n216kr.p.temp-site.link/images/uploads/mv4.jpg]
[busterhtml.mbkip3ms9u-e92498n216kr.p.temp-site.link/images/uploads/mv5.jpg]
[busterhtml.mbkip3ms9u-e92498n216kr.p.temp-site.link/images/uploads/mv-it10.jpg]
[busterhtml.mbkip3ms9u-e92498n216kr.p.temp-site.link/images/uploads/mv-it11.jpg]
[busterhtml.mbkip3ms9u-e92498n216kr.p.temp-site.link/images/uploads/mv-it12.jpg]
[busterhtml.mbkip3ms9u-e92498n216kr.p.temp-site.link/images/uploads/mv-item9.jpg]
[busterhtml.mbkip3ms9u-e92498n216kr.p.temp-site.link/images/uploads/mv-item10.jpg]
[busterhtml.mbkip3ms9u-e92498n216kr.p.temp-site.link/images/uploads/mv-item11.jpg]
[busterhtml.mbkip3ms9u-e92498n216kr.p.temp-site.link/images/uploads/mv-item12.jpg]
[busterhtml.mbkip3ms9u-e92498n216kr.p.temp-site.link/moviegrid.html]
[busterhtml.mbkip3ms9u-e92498n216kr.p.temp-site.link/moviegridfw.html]
[busterhtml.mbkip3ms9u-e92498n216kr.p.temp-site.link/movielist.html]
[busterhtml.mbkip3ms9u-e92498n216kr.p.temp-site.link/images/uploads/movie-single.jpg]
[busterhtml.mbkip3ms9u-e92498n216kr.p.temp-site.link/images/uploads/image11.jpg]
[busterhtml.mbkip3ms9u-e92498n216kr.p.temp-site.link/images/uploads/image1.jpg]
[busterhtml.mbkip3ms9u-e92498n216kr.p.temp-site.link/images/uploads/image21.jpg]
[busterhtml.mbkip3ms9u-e92498n216kr.p.temp-site.link/images/uploads/image2.jpg]
[busterhtml.mbkip3ms9u-e92498n216kr.p.temp-site.link/images/uploads/image31.jpg]
[busterhtml.mbkip3ms9u-e92498n216kr.p.temp-site.link/images/uploads/image3.jpg]
[busterhtml.mbkip3ms9u-e92498n216kr.p.temp-site.link/images/uploads/image4.jpg]
[busterhtml.mbkip3ms9u-e92498n216kr.p.temp-site.link/images/uploads/play-vd.png]
[busterhtml.mbkip3ms9u-e92498n216kr.p.temp-site.link/images/uploads/cast1.jpg]
[busterhtml.mbkip3ms9u-e92498n216kr.p.temp-site.link/images/uploads/cast2.jpg]
[busterhtml.mbkip3ms9u-e92498n216kr.p.temp-site.link/images/uploads/cast3.jpg]
[busterhtml.mbkip3ms9u-e92498n216kr.p.temp-site.link/images/uploads/cast4.jpg]
[busterhtml.mbkip3ms9u-e92498n216kr.p.temp-site.link/images/uploads/cast5.jpg]
[busterhtml.mbkip3ms9u-e92498n216kr.p.temp-site.link/images/uploads/cast6.jpg]
[busterhtml.mbkip3ms9u-e92498n216kr.p.temp-site.link/images/uploads/cast7.jpg]
[busterhtml.mbkip3ms9u-e92498n216kr.p.temp-site.link/images/uploads/cast9.jpg]
[busterhtml.mbkip3ms9u-e92498n216kr.p.temp-site.link/images/uploads/userava1.jpg]
[busterhtml.mbkip3ms9u-e92498n216kr.p.temp-site.link/images/uploads/userava2.jpg]
[busterhtml.mbkip3ms9u-e92498n216kr.p.temp-site.link/images/uploads/userava3.jpg]
[busterhtml.mbkip3ms9u-e92498n216kr.p.temp-site.link/images/uploads/userava4.jpg]
[busterhtml.mbkip3ms9u-e92498n216kr.p.temp-site.link/images/uploads/userava5.jpg]
[busterhtml.mbkip3ms9u-e92498n216kr.p.temp-site.link/images/uploads/vd-item1.jpg]
[busterhtml.mbkip3ms9u-e92498n216kr.p.temp-site.link/images/uploads/vd-item2.jpg]
[busterhtml.mbkip3ms9u-e92498n216kr.p.temp-site.link/images/uploads/vd-item3.jpg]
[busterhtml.mbkip3ms9u-e92498n216kr.p.temp-site.link/images/uploads/vd-item4.jpg]
[busterhtml.mbkip3ms9u-e92498n216kr.p.temp-site.link/images/uploads/image41.jpg]
[busterhtml.mbkip3ms9u-e92498n216kr.p.temp-site.link/images/uploads/image51.jpg]
[busterhtml.mbkip3ms9u-e92498n216kr.p.temp-site.link/images/uploads/image5.jpg]
[busterhtml.mbkip3ms9u-e92498n216kr.p.temp-site.link/images/uploads/image61.jpg]
[busterhtml.mbkip3ms9u-e92498n216kr.p.temp-site.link/images/uploads/image6.jpg]
[busterhtml.mbkip3ms9u-e92498n216kr.p.temp-site.link/images/uploads/image71.jpg]
[busterhtml.mbkip3ms9u-e92498n216kr.p.temp-site.link/images/uploads/image7.jpg]
[busterhtml.mbkip3ms9u-e92498n216kr.p.temp-site.link/images/uploads/image81.jpg]
[busterhtml.mbkip3ms9u-e92498n216kr.p.temp-site.link/images/uploads/image8.jpg]
[busterhtml.mbkip3ms9u-e92498n216kr.p.temp-site.link/images/uploads/image91.jpg]
[busterhtml.mbkip3ms9u-e92498n216kr.p.temp-site.link/images/uploads/image9.jpg]
[busterhtml.mbkip3ms9u-e92498n216kr.p.temp-site.link/images/uploads/image101.jpg]
[busterhtml.mbkip3ms9u-e92498n216kr.p.temp-site.link/images/uploads/image10.jpg]
[busterhtml.mbkip3ms9u-e92498n216kr.p.temp-site.link/images/uploads/image111.jpg]
[busterhtml.mbkip3ms9u-e92498n216kr.p.temp-site.link/images/uploads/image1-1.jpg]
[busterhtml.mbkip3ms9u-e92498n216kr.p.temp-site.link/images/uploads/image121.jpg]
[busterhtml.mbkip3ms9u-e92498n216kr.p.temp-site.link/images/uploads/image12.jpg]
[busterhtml.mbkip3ms9u-e92498n216kr.p.temp-site.link/images/uploads/image131.jpg]
[busterhtml.mbkip3ms9u-e92498n216kr.p.temp-site.link/images/uploads/image13.jpg]
[busterhtml.mbkip3ms9u-e92498n216kr.p.temp-site.link/images/uploads/image141.jpg]
[busterhtml.mbkip3ms9u-e92498n216kr.p.temp-site.link/images/uploads/image14.jpg]
[busterhtml.mbkip3ms9u-e92498n216kr.p.temp-site.link/images/uploads/image151.jpg]
[busterhtml.mbkip3ms9u-e92498n216kr.p.temp-site.link/images/uploads/image15.jpg]
[busterhtml.mbkip3ms9u-e92498n216kr.p.temp-site.link/images/uploads/image161.jpg]
[busterhtml.mbkip3ms9u-e92498n216kr.p.temp-site.link/images/uploads/image16.jpg]
[busterhtml.mbkip3ms9u-e92498n216kr.p.temp-site.link/images/uploads/image171.jpg]
[busterhtml.mbkip3ms9u-e92498n216kr.p.temp-site.link/images/uploads/image17.jpg]
[busterhtml.mbkip3ms9u-e92498n216kr.p.temp-site.link/images/uploads/image181.jpg]
[busterhtml.mbkip3ms9u-e92498n216kr.p.temp-site.link/images/uploads/image18.jpg]
[busterhtml.mbkip3ms9u-e92498n216kr.p.temp-site.link/images/uploads/image191.jpg]
[busterhtml.mbkip3ms9u-e92498n216kr.p.temp-site.link/images/uploads/image19.jpg]
[busterhtml.mbkip3ms9u-e92498n216kr.p.temp-site.link/images/uploads/image201.jpg]
[busterhtml.mbkip3ms9u-e92498n216kr.p.temp-site.link/images/uploads/image20.jpg]
[busterhtml.mbkip3ms9u-e92498n216kr.p.temp-site.link/images/uploads/image211.jpg]
[busterhtml.mbkip3ms9u-e92498n216kr.p.temp-site.link/images/uploads/image2-1.jpg]
[busterhtml.mbkip3ms9u-e92498n216kr.p.temp-site.link/moviesingle.html]
[busterhtml.mbkip3ms9u-e92498n216kr.p.temp-site.link/images/uploads/series-img.jpg]
[busterhtml.mbkip3ms9u-e92498n216kr.p.temp-site.link/images/uploads/season.jpg]
[busterhtml.mbkip3ms9u-e92498n216kr.p.temp-site.link/seriessingle.html]
[busterhtml.mbkip3ms9u-e92498n216kr.p.temp-site.link/images/uploads/ceb1.jpg]
[busterhtml.mbkip3ms9u-e92498n216kr.p.temp-site.link/images/uploads/ceb2.jpg]
[busterhtml.mbkip3ms9u-e92498n216kr.p.temp-site.link/images/uploads/ceb3.jpg]
[busterhtml.mbkip3ms9u-e92498n216kr.p.temp-site.link/images/uploads/ceb4.jpg]
[busterhtml.mbkip3ms9u-e92498n216kr.p.temp-site.link/images/uploads/ceb5.jpg]
[busterhtml.mbkip3ms9u-e92498n216kr.p.temp-site.link/images/uploads/ceb6.jpg]
[busterhtml.mbkip3ms9u-e92498n216kr.p.temp-site.link/images/uploads/ceb7.jpg]
[busterhtml.mbkip3ms9u-e92498n216kr.p.temp-site.link/images/uploads/ceb8.jpg]
[busterhtml.mbkip3ms9u-e92498n216kr.p.temp-site.link/images/uploads/ceb9.jpg]
[busterhtml.mbkip3ms9u-e92498n216kr.p.temp-site.link/celebritygrid01.html]
[busterhtml.mbkip3ms9u-e92498n216kr.p.temp-site.link/images/uploads/ceb21.jpg]
[busterhtml.mbkip3ms9u-e92498n216kr.p.temp-site.link/images/uploads/ceb22.jpg]
[busterhtml.mbkip3ms9u-e92498n216kr.p.temp-site.link/images/uploads/ceb23.jpg]
[busterhtml.mbkip3ms9u-e92498n216kr.p.temp-site.link/images/uploads/ceb24.jpg]
[busterhtml.mbkip3ms9u-e92498n216kr.p.temp-site.link/images/uploads/ceb25.jpg]
[busterhtml.mbkip3ms9u-e92498n216kr.p.temp-site.link/images/uploads/ceb26.jpg]
[busterhtml.mbkip3ms9u-e92498n216kr.p.temp-site.link/images/uploads/ceb27.jpg]
[busterhtml.mbkip3ms9u-e92498n216kr.p.temp-site.link/images/uploads/ceb28.jpg]
[busterhtml.mbkip3ms9u-e92498n216kr.p.temp-site.link/images/uploads/ceb29.jpg]
[busterhtml.mbkip3ms9u-e92498n216kr.p.temp-site.link/celebritygrid02.html]
[busterhtml.mbkip3ms9u-e92498n216kr.p.temp-site.link/images/uploads/ceblist1.jpg]
[busterhtml.mbkip3ms9u-e92498n216kr.p.temp-site.link/images/uploads/ceblist2.jpg]
[busterhtml.mbkip3ms9u-e92498n216kr.p.temp-site.link/images/uploads/ceblist3.jpg]
[busterhtml.mbkip3ms9u-e92498n216kr.p.temp-site.link/images/uploads/ceblist4.jpg]
[busterhtml.mbkip3ms9u-e92498n216kr.p.temp-site.link/images/uploads/ceblist5.jpg]
[busterhtml.mbkip3ms9u-e92498n216kr.p.temp-site.link/images/uploads/ceblist6.jpg]
[busterhtml.mbkip3ms9u-e92498n216kr.p.temp-site.link/images/uploads/ceblist7.jpg]
[busterhtml.mbkip3ms9u-e92498n216kr.p.temp-site.link/images/uploads/ceblist8.jpg]
[busterhtml.mbkip3ms9u-e92498n216kr.p.temp-site.link/celebritylist.html]
[busterhtml.mbkip3ms9u-e92498n216kr.p.temp-site.link/images/uploads/cebsingle2.png]
[busterhtml.mbkip3ms9u-e92498n216kr.p.temp-site.link/images/uploads/film1.jpg]
[busterhtml.mbkip3ms9u-e92498n216kr.p.temp-site.link/images/uploads/film2.jpg]
[busterhtml.mbkip3ms9u-e92498n216kr.p.temp-site.link/images/uploads/film3.jpg]
[busterhtml.mbkip3ms9u-e92498n216kr.p.temp-site.link/images/uploads/film4.jpg]
[busterhtml.mbkip3ms9u-e92498n216kr.p.temp-site.link/images/uploads/film5.jpg]
[busterhtml.mbkip3ms9u-e92498n216kr.p.temp-site.link/images/uploads/film6.jpg]
[busterhtml.mbkip3ms9u-e92498n216kr.p.temp-site.link/images/uploads/film7.jpg]
[busterhtml.mbkip3ms9u-e92498n216kr.p.temp-site.link/images/uploads/film8.jpg]
[busterhtml.mbkip3ms9u-e92498n216kr.p.temp-site.link/celebritysingle.html]
[busterhtml.mbkip3ms9u-e92498n216kr.p.temp-site.link/images/uploads/bloglist-it1.jpg]
[busterhtml.mbkip3ms9u-e92498n216kr.p.temp-site.link/images/uploads/bloglist-it2.jpg]
[busterhtml.mbkip3ms9u-e92498n216kr.p.temp-site.link/images/uploads/bloglist-it3.jpg]
[busterhtml.mbkip3ms9u-e92498n216kr.p.temp-site.link/images/uploads/bloglist-it4.jpg]
[busterhtml.mbkip3ms9u-e92498n216kr.p.temp-site.link/images/uploads/bloglist-it5.jpg]
[busterhtml.mbkip3ms9u-e92498n216kr.p.temp-site.link/images/uploads/bloglist-it6.jpg]
[busterhtml.mbkip3ms9u-e92498n216kr.p.temp-site.link/bloglist.html]
[busterhtml.mbkip3ms9u-e92498n216kr.p.temp-site.link/images/uploads/blogv29.jpg]
[busterhtml.mbkip3ms9u-e92498n216kr.p.temp-site.link/images/uploads/blog29.jpg]
[busterhtml.mbkip3ms9u-e92498n216kr.p.temp-site.link/images/uploads/blog27.jpg]
[busterhtml.mbkip3ms9u-e92498n216kr.p.temp-site.link/images/uploads/blog26.jpg]
[busterhtml.mbkip3ms9u-e92498n216kr.p.temp-site.link/images/uploads/blogv25.jpg]
[busterhtml.mbkip3ms9u-e92498n216kr.p.temp-site.link/bloggrid.html]
[busterhtml.mbkip3ms9u-e92498n216kr.p.temp-site.link/images/uploads/blog-detail.jpg]
[busterhtml.mbkip3ms9u-e92498n216kr.p.temp-site.link/images/uploads/blog-detail2.jpg]
[busterhtml.mbkip3ms9u-e92498n216kr.p.temp-site.link/images/uploads/author.png]
[busterhtml.mbkip3ms9u-e92498n216kr.p.temp-site.link/images/uploads/author2.png]
[busterhtml.mbkip3ms9u-e92498n216kr.p.temp-site.link/images/uploads/author3.png]
[busterhtml.mbkip3ms9u-e92498n216kr.p.temp-site.link/images/uploads/author4.png]
[busterhtml.mbkip3ms9u-e92498n216kr.p.temp-site.link/blogdetail.html]
[busterhtml.mbkip3ms9u-e92498n216kr.p.temp-site.link/images/uploads/user-img.png]
[busterhtml.mbkip3ms9u-e92498n216kr.p.temp-site.link/userfavoritegrid.html]
[busterhtml.mbkip3ms9u-e92498n216kr.p.temp-site.link/userfavoritelist.html]
[busterhtml.mbkip3ms9u-e92498n216kr.p.temp-site.link/userprofile.html]
[busterhtml.mbkip3ms9u-e92498n216kr.p.temp-site.link/userrate.html]
[busterhtml.mbkip3ms9u-e92498n216kr.p.temp-site.link/images/uploads/landing-dark-version.png]
[busterhtml.mbkip3ms9u-e92498n216kr.p.temp-site.link/images/uploads/landing-light-version.png]
[busterhtml.mbkip3ms9u-e92498n216kr.p.temp-site.link/index_light.html]
[busterhtml.mbkip3ms9u-e92498n216kr.p.temp-site.link/landing.html]
[busterhtml.mbkip3ms9u-e92498n216kr.p.temp-site.link/images/uploads/err-img.png]
[busterhtml.mbkip3ms9u-e92498n216kr.p.temp-site.link/404.html]
[busterhtml.mbkip3ms9u-e92498n216kr.p.temp-site.link/images/uploads/cm-img.png]
[busterhtml.mbkip3ms9u-e92498n216kr.p.temp-site.link/comingsoon.html]
[busterhtml.mbkip3ms9u-e92498n216kr.p.temp-site.link/fonts/fontawesome-webfont93e3.svg]
[busterhtml.mbkip3ms9u-e92498n216kr.p.temp-site.link/images/blank.html]
[busterhtml.mbkip3ms9u-e92498n216kr.p.temp-site.link/css/ajax-loader.html]
[busterhtml.mbkip3ms9u-e92498n216kr.p.temp-site.link/css/fonts/slick.html]
[busterhtml.mbkip3ms9u-e92498n216kr.p.temp-site.link/css/fonts/slickd41d.html]
[busterhtml.mbkip3ms9u-e92498n216kr.p.temp-site.link/css/fonts/slick-2.html]
[busterhtml.mbkip3ms9u-e92498n216kr.p.temp-site.link/css/fonts/slick-3.html]
[busterhtml.mbkip3ms9u-e92498n216kr.p.temp-site.link/css/fonts/slick-4.html]
[busterhtml.mbkip3ms9u-e92498n216kr.p.temp-site.link/homev2_light.html]
[busterhtml.mbkip3ms9u-e92498n216kr.p.temp-site.link/homev3_light.html]
[busterhtml.mbkip3ms9u-e92498n216kr.p.temp-site.link/moviegrid_light.html]
[busterhtml.mbkip3ms9u-e92498n216kr.p.temp-site.link/moviegridfw_light.html]
[busterhtml.mbkip3ms9u-e92498n216kr.p.temp-site.link/movielist_light.html]
[busterhtml.mbkip3ms9u-e92498n216kr.p.temp-site.link/moviesingle_light.html]
[busterhtml.mbkip3ms9u-e92498n216kr.p.temp-site.link/seriessingle_light.html]
[busterhtml.mbkip3ms9u-e92498n216kr.p.temp-site.link/celebritygrid01_light.html]
[busterhtml.mbkip3ms9u-e92498n216kr.p.temp-site.link/celebritygrid02_light.html]
[busterhtml.mbkip3ms9u-e92498n216kr.p.temp-site.link/celebritylist_light.html]
[busterhtml.mbkip3ms9u-e92498n216kr.p.temp-site.link/celebritysingle_light.html]
[busterhtml.mbkip3ms9u-e92498n216kr.p.temp-site.link/bloglist_light.html]
[busterhtml.mbkip3ms9u-e92498n216kr.p.temp-site.link/bloggrid_light.html]
[busterhtml.mbkip3ms9u-e92498n216kr.p.temp-site.link/blogdetail_light.html]
[busterhtml.mbkip3ms9u-e92498n216kr.p.temp-site.link/userfavoritegrid_light.html]
[busterhtml.mbkip3ms9u-e92498n216kr.p.temp-site.link/userfavoritelist_light.html]
[busterhtml.mbkip3ms9u-e92498n216kr.p.temp-site.link/userprofile_light.html]
[busterhtml.mbkip3ms9u-e92498n216kr.p.temp-site.link/index_light.html]
[busterhtml.mbkip3ms9u-e92498n216kr.p.temp-site.link/userrate_light.html]
[busterhtml.mbkip3ms9u-e92498n216kr.p.temp-site.link/images/logo2.png]
[busterhtml.mbkip3ms9u-e92498n216kr.p.temp-site.link/homev2_light.html]
[busterhtml.mbkip3ms9u-e92498n216kr.p.temp-site.link/homev3_light.html]
[busterhtml.mbkip3ms9u-e92498n216kr.p.temp-site.link/moviegrid_light.html]
[busterhtml.mbkip3ms9u-e92498n216kr.p.temp-site.link/moviegridfw_light.html]
[busterhtml.mbkip3ms9u-e92498n216kr.p.temp-site.link/movielist_light.html]
[busterhtml.mbkip3ms9u-e92498n216kr.p.temp-site.link/moviesingle_light.html]
[busterhtml.mbkip3ms9u-e92498n216kr.p.temp-site.link/seriessingle_light.html]
[busterhtml.mbkip3ms9u-e92498n216kr.p.temp-site.link/celebritygrid01_light.html]
[busterhtml.mbkip3ms9u-e92498n216kr.p.temp-site.link/celebritygrid02_light.html]
[busterhtml.mbkip3ms9u-e92498n216kr.p.temp-site.link/celebritylist_light.html]
[busterhtml.mbkip3ms9u-e92498n216kr.p.temp-site.link/celebritysingle_light.html]
[busterhtml.mbkip3ms9u-e92498n216kr.p.temp-site.link/bloglist_light.html]
[busterhtml.mbkip3ms9u-e92498n216kr.p.temp-site.link/bloggrid_light.html]
[busterhtml.mbkip3ms9u-e92498n216kr.p.temp-site.link/blogdetail_light.html]
[busterhtml.mbkip3ms9u-e92498n216kr.p.temp-site.link/userfavoritegrid_light.html]
[busterhtml.mbkip3ms9u-e92498n216kr.p.temp-site.link/userfavoritelist_light.html]
[busterhtml.mbkip3ms9u-e92498n216kr.p.temp-site.link/userprofile_light.html]
[busterhtml.mbkip3ms9u-e92498n216kr.p.temp-site.link/userrate_light.html]
